#-----------------------------------------------------------
# Vivado v2016.4 (64-bit)
# SW Build 1733598 on Wed Dec 14 22:35:42 MST 2016
# IP Build 1731160 on Wed Dec 14 23:47:21 MST 2016
# Start of session at: Thu Mar 14 17:46:51 2019
# Process ID: 27008
# Current directory: /home/mdl/izo5011/IkennaWorkSpace/cnn_layer_accel/hardware/ip/xcku115/managed_ip_project/managed_ip_project.runs/prefetch_buffer_fifo_synth_1
# Command line: vivado -log prefetch_buffer_fifo.vds -product Vivado -mode batch -messageDb vivado.pb -notrace -source prefetch_buffer_fifo.tcl
# Log file: /home/mdl/izo5011/IkennaWorkSpace/cnn_layer_accel/hardware/ip/xcku115/managed_ip_project/managed_ip_project.runs/prefetch_buffer_fifo_synth_1/prefetch_buffer_fifo.vds
# Journal file: /home/mdl/izo5011/IkennaWorkSpace/cnn_layer_accel/hardware/ip/xcku115/managed_ip_project/managed_ip_project.runs/prefetch_buffer_fifo_synth_1/vivado.jou
#-----------------------------------------------------------
source prefetch_buffer_fifo.tcl -notrace
