#-----------------------------------------------------------
# Vivado v2018.3 (64-bit)
# SW Build 2405991 on Thu Dec  6 23:36:41 MST 2018
# IP Build 2404404 on Fri Dec  7 01:43:56 MST 2018
# Start of session at: Thu Jun 17 18:10:36 2021
# Process ID: 195440
# Current directory: /home/mdl/izo5011/IkennaWorkSpace/cnn_layer_accel/hardware/ip_viv2018.3/xcvu37p-fsvh2892-2-e/managed_ip_project/managed_ip_project.runs/outbuf_fifo_synth_1
# Command line: vivado -log outbuf_fifo.vds -product Vivado -mode batch -messageDb vivado.pb -notrace -source outbuf_fifo.tcl
# Log file: /home/mdl/izo5011/IkennaWorkSpace/cnn_layer_accel/hardware/ip_viv2018.3/xcvu37p-fsvh2892-2-e/managed_ip_project/managed_ip_project.runs/outbuf_fifo_synth_1/outbuf_fifo.vds
# Journal file: /home/mdl/izo5011/IkennaWorkSpace/cnn_layer_accel/hardware/ip_viv2018.3/xcvu37p-fsvh2892-2-e/managed_ip_project/managed_ip_project.runs/outbuf_fifo_synth_1/vivado.jou
#-----------------------------------------------------------
source outbuf_fifo.tcl -notrace
